Archive member included to satisfy reference by file (symbol)

c:/st/stm32cubeide_1.7.0/stm32cubeide/plugins/com.st.stm32cube.ide.mcu.externaltools.gnu-tools-for-stm32.9-2020-q2-update.win32_2.0.0.202105311346/tools/bin/../lib/gcc/arm-none-eabi/9.3.1/../../../../arm-none-eabi/lib/thumb/v7e-m+fp/hard\libc_nano.a(lib_a-errno.o)
                              ./Core/Src/syscalls.o (__errno)
c:/st/stm32cubeide_1.7.0/stm32cubeide/plugins/com.st.stm32cube.ide.mcu.externaltools.gnu-tools-for-stm32.9-2020-q2-update.win32_2.0.0.202105311346/tools/bin/../lib/gcc/arm-none-eabi/9.3.1/../../../../arm-none-eabi/lib/thumb/v7e-m+fp/hard\libc_nano.a(lib_a-exit.o)
                              c:/st/stm32cubeide_1.7.0/stm32cubeide/plugins/com.st.stm32cube.ide.mcu.externaltools.gnu-tools-for-stm32.9-2020-q2-update.win32_2.0.0.202105311346/tools/bin/../lib/gcc/arm-none-eabi/9.3.1/../../../../arm-none-eabi/lib/thumb/v7e-m+fp/hard/crt0.o (exit)
c:/st/stm32cubeide_1.7.0/stm32cubeide/plugins/com.st.stm32cube.ide.mcu.externaltools.gnu-tools-for-stm32.9-2020-q2-update.win32_2.0.0.202105311346/tools/bin/../lib/gcc/arm-none-eabi/9.3.1/../../../../arm-none-eabi/lib/thumb/v7e-m+fp/hard\libc_nano.a(lib_a-impure.o)
                              c:/st/stm32cubeide_1.7.0/stm32cubeide/plugins/com.st.stm32cube.ide.mcu.externaltools.gnu-tools-for-stm32.9-2020-q2-update.win32_2.0.0.202105311346/tools/bin/../lib/gcc/arm-none-eabi/9.3.1/../../../../arm-none-eabi/lib/thumb/v7e-m+fp/hard\libc_nano.a(lib_a-exit.o) (_global_impure_ptr)
c:/st/stm32cubeide_1.7.0/stm32cubeide/plugins/com.st.stm32cube.ide.mcu.externaltools.gnu-tools-for-stm32.9-2020-q2-update.win32_2.0.0.202105311346/tools/bin/../lib/gcc/arm-none-eabi/9.3.1/../../../../arm-none-eabi/lib/thumb/v7e-m+fp/hard\libc_nano.a(lib_a-init.o)
                              c:/st/stm32cubeide_1.7.0/stm32cubeide/plugins/com.st.stm32cube.ide.mcu.externaltools.gnu-tools-for-stm32.9-2020-q2-update.win32_2.0.0.202105311346/tools/bin/../lib/gcc/arm-none-eabi/9.3.1/../../../../arm-none-eabi/lib/thumb/v7e-m+fp/hard/crt0.o (__libc_init_array)
c:/st/stm32cubeide_1.7.0/stm32cubeide/plugins/com.st.stm32cube.ide.mcu.externaltools.gnu-tools-for-stm32.9-2020-q2-update.win32_2.0.0.202105311346/tools/bin/../lib/gcc/arm-none-eabi/9.3.1/../../../../arm-none-eabi/lib/thumb/v7e-m+fp/hard\libc_nano.a(lib_a-memset.o)
                              c:/st/stm32cubeide_1.7.0/stm32cubeide/plugins/com.st.stm32cube.ide.mcu.externaltools.gnu-tools-for-stm32.9-2020-q2-update.win32_2.0.0.202105311346/tools/bin/../lib/gcc/arm-none-eabi/9.3.1/../../../../arm-none-eabi/lib/thumb/v7e-m+fp/hard/crt0.o (memset)
c:/st/stm32cubeide_1.7.0/stm32cubeide/plugins/com.st.stm32cube.ide.mcu.externaltools.gnu-tools-for-stm32.9-2020-q2-update.win32_2.0.0.202105311346/tools/bin/../lib/gcc/arm-none-eabi/9.3.1/thumb/v7e-m+fp/hard\libgcc.a(_arm_addsubsf3.o)
                              ./Core/Src/icm20948.o (__aeabi_l2f)

Allocating common symbols
Common symbol       size              file

debug_icm20948_gyro_z
                    0x2               ./Core/Src/icm20948.o
debug_icm20948_who_am_i
                    0x1               ./Core/Src/icm20948.o
debug_icm20948_accel_x
                    0x2               ./Core/Src/icm20948.o
debug_icm20948_accel_z
                    0x2               ./Core/Src/icm20948.o
debug_icm20948_temp
                    0x2               ./Core/Src/icm20948.o
debug_icm20948_gyro_calibrated
                    0x1               ./Core/Src/icm20948.o
debug_icm20948_gyro_x
                    0x2               ./Core/Src/icm20948.o
debug_icm20948_gyro_y
                    0x2               ./Core/Src/icm20948.o
debug_icm20948_accel_y
                    0x2               ./Core/Src/icm20948.o

Discarded input sections

 .text          0x0000000000000000        0x0 c:/st/stm32cubeide_1.7.0/stm32cubeide/plugins/com.st.stm32cube.ide.mcu.externaltools.gnu-tools-for-stm32.9-2020-q2-update.win32_2.0.0.202105311346/tools/bin/../lib/gcc/arm-none-eabi/9.3.1/thumb/v7e-m+fp/hard/crti.o
 .data          0x0000000000000000        0x0 c:/st/stm32cubeide_1.7.0/stm32cubeide/plugins/com.st.stm32cube.ide.mcu.externaltools.gnu-tools-for-stm32.9-2020-q2-update.win32_2.0.0.202105311346/tools/bin/../lib/gcc/arm-none-eabi/9.3.1/thumb/v7e-m+fp/hard/crti.o
 .bss           0x0000000000000000        0x0 c:/st/stm32cubeide_1.7.0/stm32cubeide/plugins/com.st.stm32cube.ide.mcu.externaltools.gnu-tools-for-stm32.9-2020-q2-update.win32_2.0.0.202105311346/tools/bin/../lib/gcc/arm-none-eabi/9.3.1/thumb/v7e-m+fp/hard/crti.o
 .data          0x0000000000000000        0x4 c:/st/stm32cubeide_1.7.0/stm32cubeide/plugins/com.st.stm32cube.ide.mcu.externaltools.gnu-tools-for-stm32.9-2020-q2-update.win32_2.0.0.202105311346/tools/bin/../lib/gcc/arm-none-eabi/9.3.1/thumb/v7e-m+fp/hard/crtbegin.o
 .text          0x0000000000000000       0x7c c:/st/stm32cubeide_1.7.0/stm32cubeide/plugins/com.st.stm32cube.ide.mcu.externaltools.gnu-tools-for-stm32.9-2020-q2-update.win32_2.0.0.202105311346/tools/bin/../lib/gcc/arm-none-eabi/9.3.1/../../../../arm-none-eabi/lib/thumb/v7e-m+fp/hard/crt0.o
 .data          0x0000000000000000        0x0 c:/st/stm32cubeide_1.7.0/stm32cubeide/plugins/com.st.stm32cube.ide.mcu.externaltools.gnu-tools-for-stm32.9-2020-q2-update.win32_2.0.0.202105311346/tools/bin/../lib/gcc/arm-none-eabi/9.3.1/../../../../arm-none-eabi/lib/thumb/v7e-m+fp/hard/crt0.o
 .bss           0x0000000000000000        0x0 c:/st/stm32cubeide_1.7.0/stm32cubeide/plugins/com.st.stm32cube.ide.mcu.externaltools.gnu-tools-for-stm32.9-2020-q2-update.win32_2.0.0.202105311346/tools/bin/../lib/gcc/arm-none-eabi/9.3.1/../../../../arm-none-eabi/lib/thumb/v7e-m+fp/hard/crt0.o
 .ARM.extab     0x0000000000000000        0x0 c:/st/stm32cubeide_1.7.0/stm32cubeide/plugins/com.st.stm32cube.ide.mcu.externaltools.gnu-tools-for-stm32.9-2020-q2-update.win32_2.0.0.202105311346/tools/bin/../lib/gcc/arm-none-eabi/9.3.1/../../../../arm-none-eabi/lib/thumb/v7e-m+fp/hard/crt0.o
 .ARM.exidx     0x0000000000000000       0x10 c:/st/stm32cubeide_1.7.0/stm32cubeide/plugins/com.st.stm32cube.ide.mcu.externaltools.gnu-tools-for-stm32.9-2020-q2-update.win32_2.0.0.202105311346/tools/bin/../lib/gcc/arm-none-eabi/9.3.1/../../../../arm-none-eabi/lib/thumb/v7e-m+fp/hard/crt0.o
 .ARM.attributes
                0x0000000000000000       0x1c c:/st/stm32cubeide_1.7.0/stm32cubeide/plugins/com.st.stm32cube.ide.mcu.externaltools.gnu-tools-for-stm32.9-2020-q2-update.win32_2.0.0.202105311346/tools/bin/../lib/gcc/arm-none-eabi/9.3.1/../../../../arm-none-eabi/lib/thumb/v7e-m+fp/hard/crt0.o
 .group         0x0000000000000000        0xc ./Core/Src/clock.o
 .group         0x0000000000000000        0xc ./Core/Src/clock.o
 .group         0x0000000000000000        0xc ./Core/Src/clock.o
 .group         0x0000000000000000        0xc ./Core/Src/clock.o
 .group         0x0000000000000000        0xc ./Core/Src/clock.o
 .group         0x0000000000000000        0xc ./Core/Src/clock.o
 .group         0x0000000000000000        0xc ./Core/Src/clock.o
 .group         0x0000000000000000        0xc ./Core/Src/clock.o
 .text          0x0000000000000000        0x0 ./Core/Src/clock.o
 .data          0x0000000000000000        0x0 ./Core/Src/clock.o
 .bss           0x0000000000000000        0x0 ./Core/Src/clock.o
 .text.clock_enable_AHB2
                0x0000000000000000       0x30 ./Core/Src/clock.o
 .text.clock_enable_APB1
                0x0000000000000000       0x30 ./Core/Src/clock.o
 .group         0x0000000000000000        0xc ./Core/Src/delay.o
 .group         0x0000000000000000        0xc ./Core/Src/delay.o
 .group         0x0000000000000000        0xc ./Core/Src/delay.o
 .group         0x0000000000000000        0xc ./Core/Src/delay.o
 .group         0x0000000000000000        0xc ./Core/Src/delay.o
 .group         0x0000000000000000        0xc ./Core/Src/delay.o
 .group         0x0000000000000000        0xc ./Core/Src/delay.o
 .group         0x0000000000000000        0xc ./Core/Src/delay.o
 .text          0x0000000000000000        0x0 ./Core/Src/delay.o
 .data          0x0000000000000000        0x0 ./Core/Src/delay.o
 .bss           0x0000000000000000        0x0 ./Core/Src/delay.o
 .debug_macro   0x0000000000000000      0xaa2 ./Core/Src/delay.o
 .debug_macro   0x0000000000000000       0x16 ./Core/Src/delay.o
 .debug_macro   0x0000000000000000       0x22 ./Core/Src/delay.o
 .debug_macro   0x0000000000000000       0x8e ./Core/Src/delay.o
 .debug_macro   0x0000000000000000       0x51 ./Core/Src/delay.o
 .debug_macro   0x0000000000000000      0x103 ./Core/Src/delay.o
 .debug_macro   0x0000000000000000       0x6a ./Core/Src/delay.o
 .debug_macro   0x0000000000000000      0x1df ./Core/Src/delay.o
 .group         0x0000000000000000        0xc ./Core/Src/icm20948.o
 .group         0x0000000000000000        0xc ./Core/Src/icm20948.o
 .group         0x0000000000000000        0xc ./Core/Src/icm20948.o
 .group         0x0000000000000000        0xc ./Core/Src/icm20948.o
 .group         0x0000000000000000        0xc ./Core/Src/icm20948.o
 .group         0x0000000000000000        0xc ./Core/Src/icm20948.o
 .group         0x0000000000000000        0xc ./Core/Src/icm20948.o
 .group         0x0000000000000000        0xc ./Core/Src/icm20948.o
 .text          0x0000000000000000        0x0 ./Core/Src/icm20948.o
 .data          0x0000000000000000        0x0 ./Core/Src/icm20948.o
 .bss           0x0000000000000000        0x0 ./Core/Src/icm20948.o
 .debug_macro   0x0000000000000000      0xaa2 ./Core/Src/icm20948.o
 .debug_macro   0x0000000000000000       0x22 ./Core/Src/icm20948.o
 .debug_macro   0x0000000000000000       0x8e ./Core/Src/icm20948.o
 .debug_macro   0x0000000000000000       0x51 ./Core/Src/icm20948.o
 .debug_macro   0x0000000000000000      0x103 ./Core/Src/icm20948.o
 .debug_macro   0x0000000000000000       0x6a ./Core/Src/icm20948.o
 .debug_macro   0x0000000000000000      0x1df ./Core/Src/icm20948.o
 .group         0x0000000000000000        0xc ./Core/Src/main.o
 .group         0x0000000000000000        0xc ./Core/Src/main.o
 .group         0x0000000000000000        0xc ./Core/Src/main.o
 .group         0x0000000000000000        0xc ./Core/Src/main.o
 .group         0x0000000000000000        0xc ./Core/Src/main.o
 .group         0x0000000000000000        0xc ./Core/Src/main.o
 .group         0x0000000000000000        0xc ./Core/Src/main.o
 .group         0x0000000000000000        0xc ./Core/Src/main.o
 .group         0x0000000000000000        0xc ./Core/Src/main.o
 .text          0x0000000000000000        0x0 ./Core/Src/main.o
 .data          0x0000000000000000        0x0 ./Core/Src/main.o
 .bss           0x0000000000000000        0x0 ./Core/Src/main.o
 .debug_macro   0x0000000000000000      0xaa2 ./Core/Src/main.o
 .debug_macro   0x0000000000000000       0x22 ./Core/Src/main.o
 .debug_macro   0x0000000000000000       0x8e ./Core/Src/main.o
 .debug_macro   0x0000000000000000       0x51 ./Core/Src/main.o
 .debug_macro   0x0000000000000000      0x103 ./Core/Src/main.o
 .debug_macro   0x0000000000000000       0x6a ./Core/Src/main.o
 .debug_macro   0x0000000000000000      0x1df ./Core/Src/main.o
 .debug_macro   0x0000000000000000       0x16 ./Core/Src/main.o
 .group         0x0000000000000000        0xc ./Core/Src/spi.o
 .group         0x0000000000000000        0xc ./Core/Src/spi.o
 .group         0x0000000000000000        0xc ./Core/Src/spi.o
 .group         0x0000000000000000        0xc ./Core/Src/spi.o
 .group         0x0000000000000000        0xc ./Core/Src/spi.o
 .group         0x0000000000000000        0xc ./Core/Src/spi.o
 .group         0x0000000000000000        0xc ./Core/Src/spi.o
 .group         0x0000000000000000        0xc ./Core/Src/spi.o
 .text          0x0000000000000000        0x0 ./Core/Src/spi.o
 .data          0x0000000000000000        0x0 ./Core/Src/spi.o
 .bss           0x0000000000000000        0x0 ./Core/Src/spi.o
 .data.GPIOA_AFRH
                0x0000000000000000        0x4 ./Core/Src/spi.o
 .data.SPI1_CRCPR
                0x0000000000000000        0x4 ./Core/Src/spi.o
 .data.SPI1_RXCRCR
                0x0000000000000000        0x4 ./Core/Src/spi.o
 .data.SPI1_TXCRCR
                0x0000000000000000        0x4 ./Core/Src/spi.o
 .text.SPI_transmit_receive
                0x0000000000000000       0x64 ./Core/Src/spi.o
 .debug_macro   0x0000000000000000      0xaa2 ./Core/Src/spi.o
 .debug_macro   0x0000000000000000       0x22 ./Core/Src/spi.o
 .debug_macro   0x0000000000000000       0x8e ./Core/Src/spi.o
 .debug_macro   0x0000000000000000       0x51 ./Core/Src/spi.o
 .debug_macro   0x0000000000000000      0x103 ./Core/Src/spi.o
 .debug_macro   0x0000000000000000       0x6a ./Core/Src/spi.o
 .debug_macro   0x0000000000000000      0x1df ./Core/Src/spi.o
 .debug_macro   0x0000000000000000       0x16 ./Core/Src/spi.o
 .group         0x0000000000000000        0xc ./Core/Src/stm32f4xx_it.o
 .text          0x0000000000000000        0x0 ./Core/Src/stm32f4xx_it.o
 .data          0x0000000000000000        0x0 ./Core/Src/stm32f4xx_it.o
 .bss           0x0000000000000000        0x0 ./Core/Src/stm32f4xx_it.o
 .debug_macro   0x0000000000000000      0xaa2 ./Core/Src/stm32f4xx_it.o
 .group         0x0000000000000000        0xc ./Core/Src/syscalls.o
 .group         0x0000000000000000        0xc ./Core/Src/syscalls.o
 .group         0x0000000000000000        0xc ./Core/Src/syscalls.o
 .group         0x0000000000000000        0xc ./Core/Src/syscalls.o
 .group         0x0000000000000000        0xc ./Core/Src/syscalls.o
 .group         0x0000000000000000        0xc ./Core/Src/syscalls.o
 .group         0x0000000000000000        0xc ./Core/Src/syscalls.o
 .group         0x0000000000000000        0xc ./Core/Src/syscalls.o
 .group         0x0000000000000000        0xc ./Core/Src/syscalls.o
 .group         0x0000000000000000        0xc ./Core/Src/syscalls.o
 .group         0x0000000000000000        0xc ./Core/Src/syscalls.o
 .group         0x0000000000000000        0xc ./Core/Src/syscalls.o
 .group         0x0000000000000000        0xc ./Core/Src/syscalls.o
 .group         0x0000000000000000        0xc ./Core/Src/syscalls.o
 .group         0x0000000000000000        0xc ./Core/Src/syscalls.o
 .group         0x0000000000000000        0xc ./Core/Src/syscalls.o
 .group         0x0000000000000000        0xc ./Core/Src/syscalls.o
 .group         0x0000000000000000        0xc ./Core/Src/syscalls.o
 .group         0x0000000000000000        0xc ./Core/Src/syscalls.o
 .group         0x0000000000000000        0xc ./Core/Src/syscalls.o
 .group         0x0000000000000000        0xc ./Core/Src/syscalls.o
 .group         0x0000000000000000        0xc ./Core/Src/syscalls.o
 .group         0x0000000000000000        0xc ./Core/Src/syscalls.o
 .group         0x0000000000000000        0xc ./Core/Src/syscalls.o
 .group         0x0000000000000000        0xc ./Core/Src/syscalls.o
 .group         0x0000000000000000        0xc ./Core/Src/syscalls.o
 .group         0x0000000000000000        0xc ./Core/Src/syscalls.o
 .group         0x0000000000000000        0xc ./Core/Src/syscalls.o
 .group         0x0000000000000000        0xc ./Core/Src/syscalls.o
 .group         0x0000000000000000        0xc ./Core/Src/syscalls.o
 .group         0x0000000000000000        0xc ./Core/Src/syscalls.o
 .group         0x0000000000000000        0xc ./Core/Src/syscalls.o
 .group         0x0000000000000000        0xc ./Core/Src/syscalls.o
 .group         0x0000000000000000        0xc ./Core/Src/syscalls.o
 .group         0x0000000000000000        0xc ./Core/Src/syscalls.o
 .group         0x0000000000000000        0xc ./Core/Src/syscalls.o
 .group         0x0000000000000000        0xc ./Core/Src/syscalls.o
 .group         0x0000000000000000        0xc ./Core/Src/syscalls.o
 .group         0x0000000000000000        0xc ./Core/Src/syscalls.o
 .group         0x0000000000000000        0xc ./Core/Src/syscalls.o
 .group         0x0000000000000000        0xc ./Core/Src/syscalls.o
 .group         0x0000000000000000        0xc ./Core/Src/syscalls.o
 .group         0x0000000000000000        0xc ./Core/Src/syscalls.o
 .group         0x0000000000000000        0xc ./Core/Src/syscalls.o
 .group         0x0000000000000000        0xc ./Core/Src/syscalls.o
 .group         0x0000000000000000        0xc ./Core/Src/syscalls.o
 .group         0x0000000000000000        0xc ./Core/Src/syscalls.o
 .text          0x0000000000000000        0x0 ./Core/Src/syscalls.o
 .data          0x0000000000000000        0x0 ./Core/Src/syscalls.o
 .bss           0x0000000000000000        0x0 ./Core/Src/syscalls.o
 .bss.__env     0x0000000000000000        0x4 ./Core/Src/syscalls.o
 .data.environ  0x0000000000000000        0x4 ./Core/Src/syscalls.o
 .text.initialise_monitor_handles
                0x0000000000000000        0xe ./Core/Src/syscalls.o
 .text._getpid  0x0000000000000000       0x10 ./Core/Src/syscalls.o
 .text._kill    0x0000000000000000       0x20 ./Core/Src/syscalls.o
 .text._exit    0x0000000000000000       0x14 ./Core/Src/syscalls.o
 .text._read    0x0000000000000000       0x3a ./Core/Src/syscalls.o
 .text._write   0x0000000000000000       0x38 ./Core/Src/syscalls.o
 .text._close   0x0000000000000000       0x18 ./Core/Src/syscalls.o
 .text._fstat   0x0000000000000000       0x20 ./Core/Src/syscalls.o
 .text._isatty  0x0000000000000000       0x16 ./Core/Src/syscalls.o
 .text._lseek   0x0000000000000000       0x1a ./Core/Src/syscalls.o
 .text._open    0x0000000000000000       0x1c ./Core/Src/syscalls.o
 .text._wait    0x0000000000000000       0x1e ./Core/Src/syscalls.o
 .text._unlink  0x0000000000000000       0x1e ./Core/Src/syscalls.o
 .text._times   0x0000000000000000       0x18 ./Core/Src/syscalls.o
 .text._stat    0x0000000000000000       0x20 ./Core/Src/syscalls.o
 .text._link    0x0000000000000000       0x20 ./Core/Src/syscalls.o
 .text._fork    0x0000000000000000       0x16 ./Core/Src/syscalls.o
 .text._execve  0x0000000000000000       0x22 ./Core/Src/syscalls.o
 .debug_info    0x0000000000000000      0xfa8 ./Core/Src/syscalls.o
 .debug_abbrev  0x0000000000000000      0x286 ./Core/Src/syscalls.o
 .debug_aranges
                0x0000000000000000       0xa8 ./Core/Src/syscalls.o
 .debug_ranges  0x0000000000000000       0x98 ./Core/Src/syscalls.o
 .debug_macro   0x0000000000000000      0x24c ./Core/Src/syscalls.o
 .debug_macro   0x0000000000000000      0xaa2 ./Core/Src/syscalls.o
 .debug_macro   0x0000000000000000       0x22 ./Core/Src/syscalls.o
 .debug_macro   0x0000000000000000       0x4c ./Core/Src/syscalls.o
 .debug_macro   0x0000000000000000       0x18 ./Core/Src/syscalls.o
 .debug_macro   0x0000000000000000       0x94 ./Core/Src/syscalls.o
 .debug_macro   0x0000000000000000       0x3c ./Core/Src/syscalls.o
 .debug_macro   0x0000000000000000       0x34 ./Core/Src/syscalls.o
 .debug_macro   0x0000000000000000       0x57 ./Core/Src/syscalls.o
 .debug_macro   0x0000000000000000      0x174 ./Core/Src/syscalls.o
 .debug_macro   0x0000000000000000      0x339 ./Core/Src/syscalls.o
 .debug_macro   0x0000000000000000       0x16 ./Core/Src/syscalls.o
 .debug_macro   0x0000000000000000       0x43 ./Core/Src/syscalls.o
 .debug_macro   0x0000000000000000       0x34 ./Core/Src/syscalls.o
 .debug_macro   0x0000000000000000       0x10 ./Core/Src/syscalls.o
 .debug_macro   0x0000000000000000       0x58 ./Core/Src/syscalls.o
 .debug_macro   0x0000000000000000       0x71 ./Core/Src/syscalls.o
 .debug_macro   0x0000000000000000       0x1c ./Core/Src/syscalls.o
 .debug_macro   0x0000000000000000      0x12a ./Core/Src/syscalls.o
 .debug_macro   0x0000000000000000       0x10 ./Core/Src/syscalls.o
 .debug_macro   0x0000000000000000       0x35 ./Core/Src/syscalls.o
 .debug_macro   0x0000000000000000       0x10 ./Core/Src/syscalls.o
 .debug_macro   0x0000000000000000       0x10 ./Core/Src/syscalls.o
 .debug_macro   0x0000000000000000       0x10 ./Core/Src/syscalls.o
 .debug_macro   0x0000000000000000       0x6a ./Core/Src/syscalls.o
 .debug_macro   0x0000000000000000       0x1c ./Core/Src/syscalls.o
 .debug_macro   0x0000000000000000       0x52 ./Core/Src/syscalls.o
 .debug_macro   0x0000000000000000       0x22 ./Core/Src/syscalls.o
 .debug_macro   0x0000000000000000       0x10 ./Core/Src/syscalls.o
 .debug_macro   0x0000000000000000       0x40 ./Core/Src/syscalls.o
 .debug_macro   0x0000000000000000       0xd5 ./Core/Src/syscalls.o
 .debug_macro   0x0000000000000000       0x1c ./Core/Src/syscalls.o
 .debug_macro   0x0000000000000000       0x3d ./Core/Src/syscalls.o
 .debug_macro   0x0000000000000000       0x35 ./Core/Src/syscalls.o
 .debug_macro   0x0000000000000000      0x12c ./Core/Src/syscalls.o
 .debug_macro   0x0000000000000000       0x16 ./Core/Src/syscalls.o
 .debug_macro   0x0000000000000000       0x16 ./Core/Src/syscalls.o
 .debug_macro   0x0000000000000000       0x29 ./Core/Src/syscalls.o
 .debug_macro   0x0000000000000000       0x10 ./Core/Src/syscalls.o
 .debug_macro   0x0000000000000000      0x241 ./Core/Src/syscalls.o
 .debug_macro   0x0000000000000000       0x1c ./Core/Src/syscalls.o
 .debug_macro   0x0000000000000000       0x10 ./Core/Src/syscalls.o
 .debug_macro   0x0000000000000000       0x10 ./Core/Src/syscalls.o
 .debug_macro   0x0000000000000000       0x16 ./Core/Src/syscalls.o
 .debug_macro   0x0000000000000000      0x145 ./Core/Src/syscalls.o
 .debug_macro   0x0000000000000000      0x189 ./Core/Src/syscalls.o
 .debug_macro   0x0000000000000000       0x16 ./Core/Src/syscalls.o
 .debug_macro   0x0000000000000000       0xce ./Core/Src/syscalls.o
 .debug_line    0x0000000000000000      0x802 ./Core/Src/syscalls.o
 .debug_str     0x0000000000000000     0x8ec3 ./Core/Src/syscalls.o
 .comment       0x0000000000000000       0x54 ./Core/Src/syscalls.o
 .debug_frame   0x0000000000000000      0x2ac ./Core/Src/syscalls.o
 .ARM.attributes
                0x0000000000000000       0x34 ./Core/Src/syscalls.o
 .group         0x0000000000000000        0xc ./Core/Src/sysmem.o
 .group         0x0000000000000000        0xc ./Core/Src/sysmem.o
 .group         0x0000000000000000        0xc ./Core/Src/sysmem.o
 .group         0x0000000000000000        0xc ./Core/Src/sysmem.o
 .group         0x0000000000000000        0xc ./Core/Src/sysmem.o
 .group         0x0000000000000000        0xc ./Core/Src/sysmem.o
 .group         0x0000000000000000        0xc ./Core/Src/sysmem.o
 .group         0x0000000000000000        0xc ./Core/Src/sysmem.o
 .group         0x0000000000000000        0xc ./Core/Src/sysmem.o
 .group         0x0000000000000000        0xc ./Core/Src/sysmem.o
 .group         0x0000000000000000        0xc ./Core/Src/sysmem.o
 .group         0x0000000000000000        0xc ./Core/Src/sysmem.o
 .group         0x0000000000000000        0xc ./Core/Src/sysmem.o
 .group         0x0000000000000000        0xc ./Core/Src/sysmem.o
 .group         0x0000000000000000        0xc ./Core/Src/sysmem.o
 .group         0x0000000000000000        0xc ./Core/Src/sysmem.o
 .group         0x0000000000000000        0xc ./Core/Src/sysmem.o
 .group         0x0000000000000000        0xc ./Core/Src/sysmem.o
 .group         0x0000000000000000        0xc ./Core/Src/sysmem.o
 .group         0x0000000000000000        0xc ./Core/Src/sysmem.o
 .group         0x0000000000000000        0xc ./Core/Src/sysmem.o
 .group         0x0000000000000000        0xc ./Core/Src/sysmem.o
 .text          0x0000000000000000        0x0 ./Core/Src/sysmem.o
 .data          0x0000000000000000        0x0 ./Core/Src/sysmem.o
 .bss           0x0000000000000000        0x0 ./Core/Src/sysmem.o
 .bss.__sbrk_heap_end
                0x0000000000000000        0x4 ./Core/Src/sysmem.o
 .text._sbrk    0x0000000000000000       0x6c ./Core/Src/sysmem.o
 .debug_info    0x0000000000000000      0xa25 ./Core/Src/sysmem.o
 .debug_abbrev  0x0000000000000000      0x1bf ./Core/Src/sysmem.o
 .debug_aranges
                0x0000000000000000       0x20 ./Core/Src/sysmem.o
 .debug_ranges  0x0000000000000000       0x10 ./Core/Src/sysmem.o
 .debug_macro   0x0000000000000000       0xff ./Core/Src/sysmem.o
 .debug_macro   0x0000000000000000      0xaa2 ./Core/Src/sysmem.o
 .debug_macro   0x0000000000000000       0x10 ./Core/Src/sysmem.o
 .debug_macro   0x0000000000000000       0x22 ./Core/Src/sysmem.o
 .debug_macro   0x0000000000000000       0x4c ./Core/Src/sysmem.o
 .debug_macro   0x0000000000000000       0x18 ./Core/Src/sysmem.o
 .debug_macro   0x0000000000000000       0x94 ./Core/Src/sysmem.o
 .debug_macro   0x0000000000000000       0x3c ./Core/Src/sysmem.o
 .debug_macro   0x0000000000000000       0x34 ./Core/Src/sysmem.o
 .debug_macro   0x0000000000000000      0x174 ./Core/Src/sysmem.o
 .debug_macro   0x0000000000000000       0x16 ./Core/Src/sysmem.o
 .debug_macro   0x0000000000000000       0x43 ./Core/Src/sysmem.o
 .debug_macro   0x0000000000000000       0x57 ./Core/Src/sysmem.o
 .debug_macro   0x0000000000000000       0x34 ./Core/Src/sysmem.o
 .debug_macro   0x0000000000000000       0x10 ./Core/Src/sysmem.o
 .debug_macro   0x0000000000000000       0x58 ./Core/Src/sysmem.o
 .debug_macro   0x0000000000000000       0x71 ./Core/Src/sysmem.o
 .debug_macro   0x0000000000000000       0x1c ./Core/Src/sysmem.o
 .debug_macro   0x0000000000000000      0x12a ./Core/Src/sysmem.o
 .debug_macro   0x0000000000000000      0x23b ./Core/Src/sysmem.o
 .debug_macro   0x0000000000000000      0x103 ./Core/Src/sysmem.o
 .debug_macro   0x0000000000000000       0x6a ./Core/Src/sysmem.o
 .debug_macro   0x0000000000000000      0x1df ./Core/Src/sysmem.o
 .debug_line    0x0000000000000000      0x4f8 ./Core/Src/sysmem.o
 .debug_str     0x0000000000000000     0x6296 ./Core/Src/sysmem.o
 .comment       0x0000000000000000       0x54 ./Core/Src/sysmem.o
 .debug_frame   0x0000000000000000       0x34 ./Core/Src/sysmem.o
 .ARM.attributes
                0x0000000000000000       0x34 ./Core/Src/sysmem.o
 .group         0x0000000000000000        0xc ./Core/Src/system_stm32f4xx.o
 .group         0x0000000000000000        0xc ./Core/Src/system_stm32f4xx.o
 .group         0x0000000000000000        0xc ./Core/Src/system_stm32f4xx.o
 .group         0x0000000000000000        0xc ./Core/Src/system_stm32f4xx.o
 .group         0x0000000000000000        0xc ./Core/Src/system_stm32f4xx.o
 .group         0x0000000000000000        0xc ./Core/Src/system_stm32f4xx.o
 .group         0x0000000000000000        0xc ./Core/Src/system_stm32f4xx.o
 .group         0x0000000000000000        0xc ./Core/Src/system_stm32f4xx.o
 .group         0x0000000000000000        0xc ./Core/Src/system_stm32f4xx.o
 .group         0x0000000000000000        0xc ./Core/Src/system_stm32f4xx.o
 .group         0x0000000000000000        0xc ./Core/Src/system_stm32f4xx.o
 .group         0x0000000000000000        0xc ./Core/Src/system_stm32f4xx.o
 .group         0x0000000000000000        0xc ./Core/Src/system_stm32f4xx.o
 .group         0x0000000000000000        0xc ./Core/Src/system_stm32f4xx.o
 .group         0x0000000000000000        0xc ./Core/Src/system_stm32f4xx.o
 .group         0x0000000000000000        0xc ./Core/Src/system_stm32f4xx.o
 .text          0x0000000000000000        0x0 ./Core/Src/system_stm32f4xx.o
 .data          0x0000000000000000        0x0 ./Core/Src/system_stm32f4xx.o
 .bss           0x0000000000000000        0x0 ./Core/Src/system_stm32f4xx.o
 .data.SystemCoreClock
                0x0000000000000000        0x4 ./Core/Src/system_stm32f4xx.o
 .rodata.AHBPrescTable
                0x0000000000000000       0x10 ./Core/Src/system_stm32f4xx.o
 .rodata.APBPrescTable
                0x0000000000000000        0x8 ./Core/Src/system_stm32f4xx.o
 .text.SystemCoreClockUpdate
                0x0000000000000000      0x100 ./Core/Src/system_stm32f4xx.o
 .debug_macro   0x0000000000000000      0xaa2 ./Core/Src/system_stm32f4xx.o
 .debug_macro   0x0000000000000000       0x22 ./Core/Src/system_stm32f4xx.o
 .debug_macro   0x0000000000000000       0x8e ./Core/Src/system_stm32f4xx.o
 .debug_macro   0x0000000000000000       0x51 ./Core/Src/system_stm32f4xx.o
 .debug_macro   0x0000000000000000      0x103 ./Core/Src/system_stm32f4xx.o
 .debug_macro   0x0000000000000000       0x6a ./Core/Src/system_stm32f4xx.o
 .debug_macro   0x0000000000000000      0x1df ./Core/Src/system_stm32f4xx.o
 .text          0x0000000000000000       0x14 ./Core/Startup/startup_stm32f411ceux.o
 .data          0x0000000000000000        0x0 ./Core/Startup/startup_stm32f411ceux.o
 .bss           0x0000000000000000        0x0 ./Core/Startup/startup_stm32f411ceux.o
 .text          0x0000000000000000        0x0 c:/st/stm32cubeide_1.7.0/stm32cubeide/plugins/com.st.stm32cube.ide.mcu.externaltools.gnu-tools-for-stm32.9-2020-q2-update.win32_2.0.0.202105311346/tools/bin/../lib/gcc/arm-none-eabi/9.3.1/../../../../arm-none-eabi/lib/thumb/v7e-m+fp/hard\libc_nano.a(lib_a-errno.o)
 .data          0x0000000000000000        0x0 c:/st/stm32cubeide_1.7.0/stm32cubeide/plugins/com.st.stm32cube.ide.mcu.externaltools.gnu-tools-for-stm32.9-2020-q2-update.win32_2.0.0.202105311346/tools/bin/../lib/gcc/arm-none-eabi/9.3.1/../../../../arm-none-eabi/lib/thumb/v7e-m+fp/hard\libc_nano.a(lib_a-errno.o)
 .bss           0x0000000000000000        0x0 c:/st/stm32cubeide_1.7.0/stm32cubeide/plugins/com.st.stm32cube.ide.mcu.externaltools.gnu-tools-for-stm32.9-2020-q2-update.win32_2.0.0.202105311346/tools/bin/../lib/gcc/arm-none-eabi/9.3.1/../../../../arm-none-eabi/lib/thumb/v7e-m+fp/hard\libc_nano.a(lib_a-errno.o)
 .text.__errno  0x0000000000000000        0xc c:/st/stm32cubeide_1.7.0/stm32cubeide/plugins/com.st.stm32cube.ide.mcu.externaltools.gnu-tools-for-stm32.9-2020-q2-update.win32_2.0.0.202105311346/tools/bin/../lib/gcc/arm-none-eabi/9.3.1/../../../../arm-none-eabi/lib/thumb/v7e-m+fp/hard\libc_nano.a(lib_a-errno.o)
 .debug_frame   0x0000000000000000       0x20 c:/st/stm32cubeide_1.7.0/stm32cubeide/plugins/com.st.stm32cube.ide.mcu.externaltools.gnu-tools-for-stm32.9-2020-q2-update.win32_2.0.0.202105311346/tools/bin/../lib/gcc/arm-none-eabi/9.3.1/../../../../arm-none-eabi/lib/thumb/v7e-m+fp/hard\libc_nano.a(lib_a-errno.o)
 .ARM.attributes
                0x0000000000000000       0x34 c:/st/stm32cubeide_1.7.0/stm32cubeide/plugins/com.st.stm32cube.ide.mcu.externaltools.gnu-tools-for-stm32.9-2020-q2-update.win32_2.0.0.202105311346/tools/bin/../lib/gcc/arm-none-eabi/9.3.1/../../../../arm-none-eabi/lib/thumb/v7e-m+fp/hard\libc_nano.a(lib_a-errno.o)
 .text          0x0000000000000000        0x0 c:/st/stm32cubeide_1.7.0/stm32cubeide/plugins/com.st.stm32cube.ide.mcu.externaltools.gnu-tools-for-stm32.9-2020-q2-update.win32_2.0.0.202105311346/tools/bin/../lib/gcc/arm-none-eabi/9.3.1/../../../../arm-none-eabi/lib/thumb/v7e-m+fp/hard\libc_nano.a(lib_a-exit.o)
 .data          0x0000000000000000        0x0 c:/st/stm32cubeide_1.7.0/stm32cubeide/plugins/com.st.stm32cube.ide.mcu.externaltools.gnu-tools-for-stm32.9-2020-q2-update.win32_2.0.0.202105311346/tools/bin/../lib/gcc/arm-none-eabi/9.3.1/../../../../arm-none-eabi/lib/thumb/v7e-m+fp/hard\libc_nano.a(lib_a-exit.o)
 .bss           0x0000000000000000        0x0 c:/st/stm32cubeide_1.7.0/stm32cubeide/plugins/com.st.stm32cube.ide.mcu.externaltools.gnu-tools-for-stm32.9-2020-q2-update.win32_2.0.0.202105311346/tools/bin/../lib/gcc/arm-none-eabi/9.3.1/../../../../arm-none-eabi/lib/thumb/v7e-m+fp/hard\libc_nano.a(lib_a-exit.o)
 .text.exit     0x0000000000000000       0x28 c:/st/stm32cubeide_1.7.0/stm32cubeide/plugins/com.st.stm32cube.ide.mcu.externaltools.gnu-tools-for-stm32.9-2020-q2-update.win32_2.0.0.202105311346/tools/bin/../lib/gcc/arm-none-eabi/9.3.1/../../../../arm-none-eabi/lib/thumb/v7e-m+fp/hard\libc_nano.a(lib_a-exit.o)
 .debug_frame   0x0000000000000000       0x28 c:/st/stm32cubeide_1.7.0/stm32cubeide/plugins/com.st.stm32cube.ide.mcu.externaltools.gnu-tools-for-stm32.9-2020-q2-update.win32_2.0.0.202105311346/tools/bin/../lib/gcc/arm-none-eabi/9.3.1/../../../../arm-none-eabi/lib/thumb/v7e-m+fp/hard\libc_nano.a(lib_a-exit.o)
 .ARM.attributes
                0x0000000000000000       0x34 c:/st/stm32cubeide_1.7.0/stm32cubeide/plugins/com.st.stm32cube.ide.mcu.externaltools.gnu-tools-for-stm32.9-2020-q2-update.win32_2.0.0.202105311346/tools/bin/../lib/gcc/arm-none-eabi/9.3.1/../../../../arm-none-eabi/lib/thumb/v7e-m+fp/hard\libc_nano.a(lib_a-exit.o)
 .text          0x0000000000000000        0x0 c:/st/stm32cubeide_1.7.0/stm32cubeide/plugins/com.st.stm32cube.ide.mcu.externaltools.gnu-tools-for-stm32.9-2020-q2-update.win32_2.0.0.202105311346/tools/bin/../lib/gcc/arm-none-eabi/9.3.1/../../../../arm-none-eabi/lib/thumb/v7e-m+fp/hard\libc_nano.a(lib_a-impure.o)
 .data          0x0000000000000000        0x0 c:/st/stm32cubeide_1.7.0/stm32cubeide/plugins/com.st.stm32cube.ide.mcu.externaltools.gnu-tools-for-stm32.9-2020-q2-update.win32_2.0.0.202105311346/tools/bin/../lib/gcc/arm-none-eabi/9.3.1/../../../../arm-none-eabi/lib/thumb/v7e-m+fp/hard\libc_nano.a(lib_a-impure.o)
 .bss           0x0000000000000000        0x0 c:/st/stm32cubeide_1.7.0/stm32cubeide/plugins/com.st.stm32cube.ide.mcu.externaltools.gnu-tools-for-stm32.9-2020-q2-update.win32_2.0.0.202105311346/tools/bin/../lib/gcc/arm-none-eabi/9.3.1/../../../../arm-none-eabi/lib/thumb/v7e-m+fp/hard\libc_nano.a(lib_a-impure.o)
 .data._impure_ptr
                0x0000000000000000        0x4 c:/st/stm32cubeide_1.7.0/stm32cubeide/plugins/com.st.stm32cube.ide.mcu.externaltools.gnu-tools-for-stm32.9-2020-q2-update.win32_2.0.0.202105311346/tools/bin/../lib/gcc/arm-none-eabi/9.3.1/../../../../arm-none-eabi/lib/thumb/v7e-m+fp/hard\libc_nano.a(lib_a-impure.o)
 .data.impure_data
                0x0000000000000000       0x60 c:/st/stm32cubeide_1.7.0/stm32cubeide/plugins/com.st.stm32cube.ide.mcu.externaltools.gnu-tools-for-stm32.9-2020-q2-update.win32_2.0.0.202105311346/tools/bin/../lib/gcc/arm-none-eabi/9.3.1/../../../../arm-none-eabi/lib/thumb/v7e-m+fp/hard\libc_nano.a(lib_a-impure.o)
 .rodata._global_impure_ptr
                0x0000000000000000        0x4 c:/st/stm32cubeide_1.7.0/stm32cubeide/plugins/com.st.stm32cube.ide.mcu.externaltools.gnu-tools-for-stm32.9-2020-q2-update.win32_2.0.0.202105311346/tools/bin/../lib/gcc/arm-none-eabi/9.3.1/../../../../arm-none-eabi/lib/thumb/v7e-m+fp/hard\libc_nano.a(lib_a-impure.o)
 .ARM.attributes
                0x0000000000000000       0x32 c:/st/stm32cubeide_1.7.0/stm32cubeide/plugins/com.st.stm32cube.ide.mcu.externaltools.gnu-tools-for-stm32.9-2020-q2-update.win32_2.0.0.202105311346/tools/bin/../lib/gcc/arm-none-eabi/9.3.1/../../../../arm-none-eabi/lib/thumb/v7e-m+fp/hard\libc_nano.a(lib_a-impure.o)
 .text          0x0000000000000000        0x0 c:/st/stm32cubeide_1.7.0/stm32cubeide/plugins/com.st.stm32cube.ide.mcu.externaltools.gnu-tools-for-stm32.9-2020-q2-update.win32_2.0.0.202105311346/tools/bin/../lib/gcc/arm-none-eabi/9.3.1/../../../../arm-none-eabi/lib/thumb/v7e-m+fp/hard\libc_nano.a(lib_a-init.o)
 .data          0x0000000000000000        0x0 c:/st/stm32cubeide_1.7.0/stm32cubeide/plugins/com.st.stm32cube.ide.mcu.externaltools.gnu-tools-for-stm32.9-2020-q2-update.win32_2.0.0.202105311346/tools/bin/../lib/gcc/arm-none-eabi/9.3.1/../../../../arm-none-eabi/lib/thumb/v7e-m+fp/hard\libc_nano.a(lib_a-init.o)
 .bss           0x0000000000000000        0x0 c:/st/stm32cubeide_1.7.0/stm32cubeide/plugins/com.st.stm32cube.ide.mcu.externaltools.gnu-tools-for-stm32.9-2020-q2-update.win32_2.0.0.202105311346/tools/bin/../lib/gcc/arm-none-eabi/9.3.1/../../../../arm-none-eabi/lib/thumb/v7e-m+fp/hard\libc_nano.a(lib_a-init.o)
 .text          0x0000000000000000        0x0 c:/st/stm32cubeide_1.7.0/stm32cubeide/plugins/com.st.stm32cube.ide.mcu.externaltools.gnu-tools-for-stm32.9-2020-q2-update.win32_2.0.0.202105311346/tools/bin/../lib/gcc/arm-none-eabi/9.3.1/../../../../arm-none-eabi/lib/thumb/v7e-m+fp/hard\libc_nano.a(lib_a-memset.o)
 .data          0x0000000000000000        0x0 c:/st/stm32cubeide_1.7.0/stm32cubeide/plugins/com.st.stm32cube.ide.mcu.externaltools.gnu-tools-for-stm32.9-2020-q2-update.win32_2.0.0.202105311346/tools/bin/../lib/gcc/arm-none-eabi/9.3.1/../../../../arm-none-eabi/lib/thumb/v7e-m+fp/hard\libc_nano.a(lib_a-memset.o)
 .bss           0x0000000000000000        0x0 c:/st/stm32cubeide_1.7.0/stm32cubeide/plugins/com.st.stm32cube.ide.mcu.externaltools.gnu-tools-for-stm32.9-2020-q2-update.win32_2.0.0.202105311346/tools/bin/../lib/gcc/arm-none-eabi/9.3.1/../../../../arm-none-eabi/lib/thumb/v7e-m+fp/hard\libc_nano.a(lib_a-memset.o)
 .text.memset   0x0000000000000000       0x10 c:/st/stm32cubeide_1.7.0/stm32cubeide/plugins/com.st.stm32cube.ide.mcu.externaltools.gnu-tools-for-stm32.9-2020-q2-update.win32_2.0.0.202105311346/tools/bin/../lib/gcc/arm-none-eabi/9.3.1/../../../../arm-none-eabi/lib/thumb/v7e-m+fp/hard\libc_nano.a(lib_a-memset.o)
 .debug_frame   0x0000000000000000       0x20 c:/st/stm32cubeide_1.7.0/stm32cubeide/plugins/com.st.stm32cube.ide.mcu.externaltools.gnu-tools-for-stm32.9-2020-q2-update.win32_2.0.0.202105311346/tools/bin/../lib/gcc/arm-none-eabi/9.3.1/../../../../arm-none-eabi/lib/thumb/v7e-m+fp/hard\libc_nano.a(lib_a-memset.o)
 .ARM.attributes
                0x0000000000000000       0x34 c:/st/stm32cubeide_1.7.0/stm32cubeide/plugins/com.st.stm32cube.ide.mcu.externaltools.gnu-tools-for-stm32.9-2020-q2-update.win32_2.0.0.202105311346/tools/bin/../lib/gcc/arm-none-eabi/9.3.1/../../../../arm-none-eabi/lib/thumb/v7e-m+fp/hard\libc_nano.a(lib_a-memset.o)
 .data          0x0000000000000000        0x0 c:/st/stm32cubeide_1.7.0/stm32cubeide/plugins/com.st.stm32cube.ide.mcu.externaltools.gnu-tools-for-stm32.9-2020-q2-update.win32_2.0.0.202105311346/tools/bin/../lib/gcc/arm-none-eabi/9.3.1/thumb/v7e-m+fp/hard\libgcc.a(_arm_addsubsf3.o)
 .bss           0x0000000000000000        0x0 c:/st/stm32cubeide_1.7.0/stm32cubeide/plugins/com.st.stm32cube.ide.mcu.externaltools.gnu-tools-for-stm32.9-2020-q2-update.win32_2.0.0.202105311346/tools/bin/../lib/gcc/arm-none-eabi/9.3.1/thumb/v7e-m+fp/hard\libgcc.a(_arm_addsubsf3.o)
 .text          0x0000000000000000        0x0 c:/st/stm32cubeide_1.7.0/stm32cubeide/plugins/com.st.stm32cube.ide.mcu.externaltools.gnu-tools-for-stm32.9-2020-q2-update.win32_2.0.0.202105311346/tools/bin/../lib/gcc/arm-none-eabi/9.3.1/thumb/v7e-m+fp/hard/crtend.o
 .data          0x0000000000000000        0x0 c:/st/stm32cubeide_1.7.0/stm32cubeide/plugins/com.st.stm32cube.ide.mcu.externaltools.gnu-tools-for-stm32.9-2020-q2-update.win32_2.0.0.202105311346/tools/bin/../lib/gcc/arm-none-eabi/9.3.1/thumb/v7e-m+fp/hard/crtend.o
 .bss           0x0000000000000000        0x0 c:/st/stm32cubeide_1.7.0/stm32cubeide/plugins/com.st.stm32cube.ide.mcu.externaltools.gnu-tools-for-stm32.9-2020-q2-update.win32_2.0.0.202105311346/tools/bin/../lib/gcc/arm-none-eabi/9.3.1/thumb/v7e-m+fp/hard/crtend.o
 .eh_frame      0x0000000000000000        0x4 c:/st/stm32cubeide_1.7.0/stm32cubeide/plugins/com.st.stm32cube.ide.mcu.externaltools.gnu-tools-for-stm32.9-2020-q2-update.win32_2.0.0.202105311346/tools/bin/../lib/gcc/arm-none-eabi/9.3.1/thumb/v7e-m+fp/hard/crtend.o
 .ARM.attributes
                0x0000000000000000       0x32 c:/st/stm32cubeide_1.7.0/stm32cubeide/plugins/com.st.stm32cube.ide.mcu.externaltools.gnu-tools-for-stm32.9-2020-q2-update.win32_2.0.0.202105311346/tools/bin/../lib/gcc/arm-none-eabi/9.3.1/thumb/v7e-m+fp/hard/crtend.o
 .text          0x0000000000000000        0x0 c:/st/stm32cubeide_1.7.0/stm32cubeide/plugins/com.st.stm32cube.ide.mcu.externaltools.gnu-tools-for-stm32.9-2020-q2-update.win32_2.0.0.202105311346/tools/bin/../lib/gcc/arm-none-eabi/9.3.1/thumb/v7e-m+fp/hard/crtn.o
 .data          0x0000000000000000        0x0 c:/st/stm32cubeide_1.7.0/stm32cubeide/plugins/com.st.stm32cube.ide.mcu.externaltools.gnu-tools-for-stm32.9-2020-q2-update.win32_2.0.0.202105311346/tools/bin/../lib/gcc/arm-none-eabi/9.3.1/thumb/v7e-m+fp/hard/crtn.o
 .bss           0x0000000000000000        0x0 c:/st/stm32cubeide_1.7.0/stm32cubeide/plugins/com.st.stm32cube.ide.mcu.externaltools.gnu-tools-for-stm32.9-2020-q2-update.win32_2.0.0.202105311346/tools/bin/../lib/gcc/arm-none-eabi/9.3.1/thumb/v7e-m+fp/hard/crtn.o

Memory Configuration

Name             Origin             Length             Attributes
RAM              0x0000000020000000 0x0000000000020000 xrw
FLASH            0x0000000008000000 0x0000000000080000 xr
*default*        0x0000000000000000 0xffffffffffffffff

Linker script and memory map

LOAD c:/st/stm32cubeide_1.7.0/stm32cubeide/plugins/com.st.stm32cube.ide.mcu.externaltools.gnu-tools-for-stm32.9-2020-q2-update.win32_2.0.0.202105311346/tools/bin/../lib/gcc/arm-none-eabi/9.3.1/thumb/v7e-m+fp/hard/crti.o
LOAD c:/st/stm32cubeide_1.7.0/stm32cubeide/plugins/com.st.stm32cube.ide.mcu.externaltools.gnu-tools-for-stm32.9-2020-q2-update.win32_2.0.0.202105311346/tools/bin/../lib/gcc/arm-none-eabi/9.3.1/thumb/v7e-m+fp/hard/crtbegin.o
LOAD c:/st/stm32cubeide_1.7.0/stm32cubeide/plugins/com.st.stm32cube.ide.mcu.externaltools.gnu-tools-for-stm32.9-2020-q2-update.win32_2.0.0.202105311346/tools/bin/../lib/gcc/arm-none-eabi/9.3.1/../../../../arm-none-eabi/lib/thumb/v7e-m+fp/hard/crt0.o
LOAD ./Core/Src/clock.o
LOAD ./Core/Src/delay.o
LOAD ./Core/Src/icm20948.o
LOAD ./Core/Src/main.o
LOAD ./Core/Src/spi.o
LOAD ./Core/Src/stm32f4xx_it.o
LOAD ./Core/Src/syscalls.o
LOAD ./Core/Src/sysmem.o
LOAD ./Core/Src/system_stm32f4xx.o
LOAD ./Core/Startup/startup_stm32f411ceux.o
START GROUP
LOAD c:/st/stm32cubeide_1.7.0/stm32cubeide/plugins/com.st.stm32cube.ide.mcu.externaltools.gnu-tools-for-stm32.9-2020-q2-update.win32_2.0.0.202105311346/tools/bin/../lib/gcc/arm-none-eabi/9.3.1/../../../../arm-none-eabi/lib/thumb/v7e-m+fp/hard\libc_nano.a
LOAD c:/st/stm32cubeide_1.7.0/stm32cubeide/plugins/com.st.stm32cube.ide.mcu.externaltools.gnu-tools-for-stm32.9-2020-q2-update.win32_2.0.0.202105311346/tools/bin/../lib/gcc/arm-none-eabi/9.3.1/../../../../arm-none-eabi/lib/thumb/v7e-m+fp/hard\libm.a
END GROUP
START GROUP
LOAD c:/st/stm32cubeide_1.7.0/stm32cubeide/plugins/com.st.stm32cube.ide.mcu.externaltools.gnu-tools-for-stm32.9-2020-q2-update.win32_2.0.0.202105311346/tools/bin/../lib/gcc/arm-none-eabi/9.3.1/thumb/v7e-m+fp/hard\libgcc.a
LOAD c:/st/stm32cubeide_1.7.0/stm32cubeide/plugins/com.st.stm32cube.ide.mcu.externaltools.gnu-tools-for-stm32.9-2020-q2-update.win32_2.0.0.202105311346/tools/bin/../lib/gcc/arm-none-eabi/9.3.1/../../../../arm-none-eabi/lib/thumb/v7e-m+fp/hard\libc_nano.a
END GROUP
START GROUP
LOAD c:/st/stm32cubeide_1.7.0/stm32cubeide/plugins/com.st.stm32cube.ide.mcu.externaltools.gnu-tools-for-stm32.9-2020-q2-update.win32_2.0.0.202105311346/tools/bin/../lib/gcc/arm-none-eabi/9.3.1/thumb/v7e-m+fp/hard\libgcc.a
LOAD c:/st/stm32cubeide_1.7.0/stm32cubeide/plugins/com.st.stm32cube.ide.mcu.externaltools.gnu-tools-for-stm32.9-2020-q2-update.win32_2.0.0.202105311346/tools/bin/../lib/gcc/arm-none-eabi/9.3.1/../../../../arm-none-eabi/lib/thumb/v7e-m+fp/hard\libc_nano.a
LOAD c:/st/stm32cubeide_1.7.0/stm32cubeide/plugins/com.st.stm32cube.ide.mcu.externaltools.gnu-tools-for-stm32.9-2020-q2-update.win32_2.0.0.202105311346/tools/bin/../lib/gcc/arm-none-eabi/9.3.1/../../../../arm-none-eabi/lib/thumb/v7e-m+fp/hard\libnosys.a
END GROUP
START GROUP
LOAD c:/st/stm32cubeide_1.7.0/stm32cubeide/plugins/com.st.stm32cube.ide.mcu.externaltools.gnu-tools-for-stm32.9-2020-q2-update.win32_2.0.0.202105311346/tools/bin/../lib/gcc/arm-none-eabi/9.3.1/thumb/v7e-m+fp/hard\libgcc.a
LOAD c:/st/stm32cubeide_1.7.0/stm32cubeide/plugins/com.st.stm32cube.ide.mcu.externaltools.gnu-tools-for-stm32.9-2020-q2-update.win32_2.0.0.202105311346/tools/bin/../lib/gcc/arm-none-eabi/9.3.1/../../../../arm-none-eabi/lib/thumb/v7e-m+fp/hard\libc_nano.a
LOAD c:/st/stm32cubeide_1.7.0/stm32cubeide/plugins/com.st.stm32cube.ide.mcu.externaltools.gnu-tools-for-stm32.9-2020-q2-update.win32_2.0.0.202105311346/tools/bin/../lib/gcc/arm-none-eabi/9.3.1/../../../../arm-none-eabi/lib/thumb/v7e-m+fp/hard\libnosys.a
END GROUP
LOAD c:/st/stm32cubeide_1.7.0/stm32cubeide/plugins/com.st.stm32cube.ide.mcu.externaltools.gnu-tools-for-stm32.9-2020-q2-update.win32_2.0.0.202105311346/tools/bin/../lib/gcc/arm-none-eabi/9.3.1/thumb/v7e-m+fp/hard/crtend.o
LOAD c:/st/stm32cubeide_1.7.0/stm32cubeide/plugins/com.st.stm32cube.ide.mcu.externaltools.gnu-tools-for-stm32.9-2020-q2-update.win32_2.0.0.202105311346/tools/bin/../lib/gcc/arm-none-eabi/9.3.1/thumb/v7e-m+fp/hard/crtn.o
                0x0000000020020000                _estack = (ORIGIN (RAM) + LENGTH (RAM))
                0x0000000000000200                _Min_Heap_Size = 0x200
                0x0000000000000400                _Min_Stack_Size = 0x400

.isr_vector     0x0000000008000000      0x198
                0x0000000008000000                . = ALIGN (0x4)
 *(.isr_vector)
 .isr_vector    0x0000000008000000      0x198 ./Core/Startup/startup_stm32f411ceux.o
                0x0000000008000000                g_pfnVectors
                0x0000000008000198                . = ALIGN (0x4)

.text           0x0000000008000198     0x13a4
                0x0000000008000198                . = ALIGN (0x4)
 *(.text)
 .text          0x0000000008000198       0x40 c:/st/stm32cubeide_1.7.0/stm32cubeide/plugins/com.st.stm32cube.ide.mcu.externaltools.gnu-tools-for-stm32.9-2020-q2-update.win32_2.0.0.202105311346/tools/bin/../lib/gcc/arm-none-eabi/9.3.1/thumb/v7e-m+fp/hard/crtbegin.o
 .text          0x00000000080001d8      0x21c c:/st/stm32cubeide_1.7.0/stm32cubeide/plugins/com.st.stm32cube.ide.mcu.externaltools.gnu-tools-for-stm32.9-2020-q2-update.win32_2.0.0.202105311346/tools/bin/../lib/gcc/arm-none-eabi/9.3.1/thumb/v7e-m+fp/hard\libgcc.a(_arm_addsubsf3.o)
                0x00000000080001d8                __aeabi_frsub
                0x00000000080001e0                __subsf3
                0x00000000080001e0                __aeabi_fsub
                0x00000000080001e4                __aeabi_fadd
                0x00000000080001e4                __addsf3
                0x0000000008000344                __aeabi_ui2f
                0x0000000008000344                __floatunsisf
                0x000000000800034c                __aeabi_i2f
                0x000000000800034c                __floatsisf
                0x0000000008000368                __aeabi_ul2f
                0x0000000008000368                __floatundisf
                0x0000000008000378                __aeabi_l2f
                0x0000000008000378                __floatdisf
 *(.text*)
 .text.clock_init
                0x00000000080003f4      0x140 ./Core/Src/clock.o
                0x00000000080003f4                clock_init
 .text.clock_enable_AHB1
                0x0000000008000534       0x30 ./Core/Src/clock.o
                0x0000000008000534                clock_enable_AHB1
 .text.clock_enable_APB2
                0x0000000008000564       0x30 ./Core/Src/clock.o
                0x0000000008000564                clock_enable_APB2
 .text.delay_init
                0x0000000008000594       0x74 ./Core/Src/delay.o
                0x0000000008000594                delay_init
 .text.TIM1_UP_TIM10_IRQHandler
                0x0000000008000608       0x38 ./Core/Src/delay.o
                0x0000000008000608                TIM1_UP_TIM10_IRQHandler
 .text.delay_ms
                0x0000000008000640       0x30 ./Core/Src/delay.o
                0x0000000008000640                delay_ms
 .text.ICM20948_ConvertSPIStatus
                0x0000000008000670       0x2c ./Core/Src/icm20948.o
 .text.ICM20948_WriteReg
                0x000000000800069c       0x2e ./Core/Src/icm20948.o
 .text.ICM20948_ReadReg
                0x00000000080006ca       0x3a ./Core/Src/icm20948.o
 .text.ICM20948_ReadRegs
                0x0000000008000704       0x46 ./Core/Src/icm20948.o
 .text.ICM20948_SelectBank
                0x000000000800074a       0x28 ./Core/Src/icm20948.o
 .text.ICM20948_CheckID
                0x0000000008000772       0x2c ./Core/Src/icm20948.o
 .text.ICM20948_Reset
                0x000000000800079e       0x32 ./Core/Src/icm20948.o
 .text.ICM20948_GetAccelSensitivity
                0x00000000080007d0       0x44 ./Core/Src/icm20948.o
 .text.ICM20948_GetGyroSensitivity
                0x0000000008000814       0x4c ./Core/Src/icm20948.o
 .text.ICM20948_Init
                0x0000000008000860       0xae ./Core/Src/icm20948.o
                0x0000000008000860                ICM20948_Init
 *fill*         0x000000000800090e        0x2 
 .text.ICM20948_ReadWhoAmI
                0x0000000008000910       0x4c ./Core/Src/icm20948.o
                0x0000000008000910                ICM20948_ReadWhoAmI
 .text.ICM20948_SetAccelConfig
                0x000000000800095c       0x98 ./Core/Src/icm20948.o
                0x000000000800095c                ICM20948_SetAccelConfig
 .text.ICM20948_SetGyroConfig
                0x00000000080009f4       0x7c ./Core/Src/icm20948.o
                0x00000000080009f4                ICM20948_SetGyroConfig
 .text.ICM20948_ReadRawData
                0x0000000008000a70      0x124 ./Core/Src/icm20948.o
                0x0000000008000a70                ICM20948_ReadRawData
 .text.ICM20948_CalibrateGyro
                0x0000000008000b94      0x148 ./Core/Src/icm20948.o
                0x0000000008000b94                ICM20948_CalibrateGyro
 .text.ICM20948_GetGyroCalibration
                0x0000000008000cdc       0x2c ./Core/Src/icm20948.o
                0x0000000008000cdc                ICM20948_GetGyroCalibration
 .text.ICM20948_ConvertRawToSensorData
                0x0000000008000d08      0x128 ./Core/Src/icm20948.o
                0x0000000008000d08                ICM20948_ConvertRawToSensorData
 .text.ICM20948_ReadSensorData
                0x0000000008000e30       0x3c ./Core/Src/icm20948.o
                0x0000000008000e30                ICM20948_ReadSensorData
 .text.main     0x0000000008000e6c      0x108 ./Core/Src/main.o
                0x0000000008000e6c                main
 .text.spi_wait_flag_set
                0x0000000008000f74       0x3c ./Core/Src/spi.o
 .text.spi_wait_flag_reset
                0x0000000008000fb0       0x3c ./Core/Src/spi.o
 .text.spi_clear_ovr_flag
                0x0000000008000fec       0x2c ./Core/Src/spi.o
 .text.SPI_init
                0x0000000008001018      0x198 ./Core/Src/spi.o
                0x0000000008001018                SPI_init
 .text.SPI_cs_low
                0x00000000080011b0       0x1c ./Core/Src/spi.o
                0x00000000080011b0                SPI_cs_low
 .text.SPI_cs_high
                0x00000000080011cc       0x1c ./Core/Src/spi.o
                0x00000000080011cc                SPI_cs_high
 .text.SPI_transfer_byte
                0x00000000080011e8       0xa4 ./Core/Src/spi.o
                0x00000000080011e8                SPI_transfer_byte
 .text.SPI_transmit
                0x000000000800128c       0x58 ./Core/Src/spi.o
                0x000000000800128c                SPI_transmit
 .text.SPI_receive
                0x00000000080012e4       0x56 ./Core/Src/spi.o
                0x00000000080012e4                SPI_receive
 .text.SPI_mem_write
                0x000000000800133a       0x6a ./Core/Src/spi.o
                0x000000000800133a                SPI_mem_write
 .text.SPI_mem_read
                0x00000000080013a4       0x6a ./Core/Src/spi.o
                0x00000000080013a4                SPI_mem_read
 .text.NMI_Handler
                0x000000000800140e        0x6 ./Core/Src/stm32f4xx_it.o
                0x000000000800140e                NMI_Handler
 .text.HardFault_Handler
                0x0000000008001414        0x6 ./Core/Src/stm32f4xx_it.o
                0x0000000008001414                HardFault_Handler
 .text.MemManage_Handler
                0x000000000800141a        0x6 ./Core/Src/stm32f4xx_it.o
                0x000000000800141a                MemManage_Handler
 .text.BusFault_Handler
                0x0000000008001420        0x6 ./Core/Src/stm32f4xx_it.o
                0x0000000008001420                BusFault_Handler
 .text.UsageFault_Handler
                0x0000000008001426        0x6 ./Core/Src/stm32f4xx_it.o
                0x0000000008001426                UsageFault_Handler
 .text.SVC_Handler
                0x000000000800142c        0xe ./Core/Src/stm32f4xx_it.o
                0x000000000800142c                SVC_Handler
 .text.DebugMon_Handler
                0x000000000800143a        0xe ./Core/Src/stm32f4xx_it.o
                0x000000000800143a                DebugMon_Handler
 .text.PendSV_Handler
                0x0000000008001448        0xe ./Core/Src/stm32f4xx_it.o
                0x0000000008001448                PendSV_Handler
 .text.SysTick_Handler
                0x0000000008001456        0xe ./Core/Src/stm32f4xx_it.o
                0x0000000008001456                SysTick_Handler
 .text.SystemInit
                0x0000000008001464       0x24 ./Core/Src/system_stm32f4xx.o
                0x0000000008001464                SystemInit
 .text.Reset_Handler
                0x0000000008001488       0x50 ./Core/Startup/startup_stm32f411ceux.o
                0x0000000008001488                Reset_Handler
 .text.Default_Handler
                0x00000000080014d8        0x2 ./Core/Startup/startup_stm32f411ceux.o
                0x00000000080014d8                RTC_Alarm_IRQHandler
                0x00000000080014d8                EXTI2_IRQHandler
                0x00000000080014d8                SPI4_IRQHandler
                0x00000000080014d8                TIM1_CC_IRQHandler
                0x00000000080014d8                DMA2_Stream5_IRQHandler
                0x00000000080014d8                DMA1_Stream5_IRQHandler
                0x00000000080014d8                PVD_IRQHandler
                0x00000000080014d8                SDIO_IRQHandler
                0x00000000080014d8                TAMP_STAMP_IRQHandler
                0x00000000080014d8                EXTI3_IRQHandler
                0x00000000080014d8                I2C3_ER_IRQHandler
                0x00000000080014d8                EXTI0_IRQHandler
                0x00000000080014d8                I2C2_EV_IRQHandler
                0x00000000080014d8                DMA1_Stream2_IRQHandler
                0x00000000080014d8                FPU_IRQHandler
                0x00000000080014d8                DMA2_Stream2_IRQHandler
                0x00000000080014d8                SPI1_IRQHandler
                0x00000000080014d8                TIM1_BRK_TIM9_IRQHandler
                0x00000000080014d8                DMA2_Stream3_IRQHandler
                0x00000000080014d8                USART6_IRQHandler
                0x00000000080014d8                DMA2_Stream0_IRQHandler
                0x00000000080014d8                TIM4_IRQHandler
                0x00000000080014d8                I2C1_EV_IRQHandler
                0x00000000080014d8                DMA1_Stream6_IRQHandler
                0x00000000080014d8                DMA1_Stream1_IRQHandler
                0x00000000080014d8                TIM3_IRQHandler
                0x00000000080014d8                RCC_IRQHandler
                0x00000000080014d8                Default_Handler
                0x00000000080014d8                EXTI15_10_IRQHandler
                0x00000000080014d8                ADC_IRQHandler
                0x00000000080014d8                DMA1_Stream7_IRQHandler
                0x00000000080014d8                SPI5_IRQHandler
                0x00000000080014d8                TIM5_IRQHandler
                0x00000000080014d8                DMA2_Stream7_IRQHandler
                0x00000000080014d8                I2C3_EV_IRQHandler
                0x00000000080014d8                EXTI9_5_IRQHandler
                0x00000000080014d8                RTC_WKUP_IRQHandler
                0x00000000080014d8                SPI2_IRQHandler
                0x00000000080014d8                DMA1_Stream0_IRQHandler
                0x00000000080014d8                EXTI4_IRQHandler
                0x00000000080014d8                WWDG_IRQHandler
                0x00000000080014d8                TIM2_IRQHandler
                0x00000000080014d8                OTG_FS_WKUP_IRQHandler
                0x00000000080014d8                TIM1_TRG_COM_TIM11_IRQHandler
                0x00000000080014d8                EXTI1_IRQHandler
                0x00000000080014d8                USART2_IRQHandler
                0x00000000080014d8                I2C2_ER_IRQHandler
                0x00000000080014d8                DMA2_Stream1_IRQHandler
                0x00000000080014d8                FLASH_IRQHandler
                0x00000000080014d8                DMA2_Stream4_IRQHandler
                0x00000000080014d8                USART1_IRQHandler
                0x00000000080014d8                OTG_FS_IRQHandler
                0x00000000080014d8                SPI3_IRQHandler
                0x00000000080014d8                DMA1_Stream4_IRQHandler
                0x00000000080014d8                I2C1_ER_IRQHandler
                0x00000000080014d8                DMA2_Stream6_IRQHandler
                0x00000000080014d8                DMA1_Stream3_IRQHandler
 *fill*         0x00000000080014da        0x2 
 .text.__libc_init_array
                0x00000000080014dc       0x48 c:/st/stm32cubeide_1.7.0/stm32cubeide/plugins/com.st.stm32cube.ide.mcu.externaltools.gnu-tools-for-stm32.9-2020-q2-update.win32_2.0.0.202105311346/tools/bin/../lib/gcc/arm-none-eabi/9.3.1/../../../../arm-none-eabi/lib/thumb/v7e-m+fp/hard\libc_nano.a(lib_a-init.o)
                0x00000000080014dc                __libc_init_array
 *(.glue_7)
 .glue_7        0x0000000008001524        0x0 linker stubs
 *(.glue_7t)
 .glue_7t       0x0000000008001524        0x0 linker stubs
 *(.eh_frame)
 .eh_frame      0x0000000008001524        0x0 c:/st/stm32cubeide_1.7.0/stm32cubeide/plugins/com.st.stm32cube.ide.mcu.externaltools.gnu-tools-for-stm32.9-2020-q2-update.win32_2.0.0.202105311346/tools/bin/../lib/gcc/arm-none-eabi/9.3.1/thumb/v7e-m+fp/hard/crtbegin.o
 *(.init)
 .init          0x0000000008001524        0x4 c:/st/stm32cubeide_1.7.0/stm32cubeide/plugins/com.st.stm32cube.ide.mcu.externaltools.gnu-tools-for-stm32.9-2020-q2-update.win32_2.0.0.202105311346/tools/bin/../lib/gcc/arm-none-eabi/9.3.1/thumb/v7e-m+fp/hard/crti.o
                0x0000000008001524                _init
 .init          0x0000000008001528        0x8 c:/st/stm32cubeide_1.7.0/stm32cubeide/plugins/com.st.stm32cube.ide.mcu.externaltools.gnu-tools-for-stm32.9-2020-q2-update.win32_2.0.0.202105311346/tools/bin/../lib/gcc/arm-none-eabi/9.3.1/thumb/v7e-m+fp/hard/crtn.o
 *(.fini)
 .fini          0x0000000008001530        0x4 c:/st/stm32cubeide_1.7.0/stm32cubeide/plugins/com.st.stm32cube.ide.mcu.externaltools.gnu-tools-for-stm32.9-2020-q2-update.win32_2.0.0.202105311346/tools/bin/../lib/gcc/arm-none-eabi/9.3.1/thumb/v7e-m+fp/hard/crti.o
                0x0000000008001530                _fini
 .fini          0x0000000008001534        0x8 c:/st/stm32cubeide_1.7.0/stm32cubeide/plugins/com.st.stm32cube.ide.mcu.externaltools.gnu-tools-for-stm32.9-2020-q2-update.win32_2.0.0.202105311346/tools/bin/../lib/gcc/arm-none-eabi/9.3.1/thumb/v7e-m+fp/hard/crtn.o
                0x000000000800153c                . = ALIGN (0x4)
                0x000000000800153c                _etext = .

.vfp11_veneer   0x000000000800153c        0x0
 .vfp11_veneer  0x000000000800153c        0x0 linker stubs

.v4_bx          0x000000000800153c        0x0
 .v4_bx         0x000000000800153c        0x0 linker stubs

.iplt           0x000000000800153c        0x0
 .iplt          0x000000000800153c        0x0 c:/st/stm32cubeide_1.7.0/stm32cubeide/plugins/com.st.stm32cube.ide.mcu.externaltools.gnu-tools-for-stm32.9-2020-q2-update.win32_2.0.0.202105311346/tools/bin/../lib/gcc/arm-none-eabi/9.3.1/thumb/v7e-m+fp/hard/crtbegin.o

.rel.dyn        0x000000000800153c        0x0
 .rel.iplt      0x000000000800153c        0x0 c:/st/stm32cubeide_1.7.0/stm32cubeide/plugins/com.st.stm32cube.ide.mcu.externaltools.gnu-tools-for-stm32.9-2020-q2-update.win32_2.0.0.202105311346/tools/bin/../lib/gcc/arm-none-eabi/9.3.1/thumb/v7e-m+fp/hard/crtbegin.o

.rodata         0x000000000800153c        0x0
                0x000000000800153c                . = ALIGN (0x4)
 *(.rodata)
 *(.rodata*)
                0x000000000800153c                . = ALIGN (0x4)

.ARM.extab      0x000000000800153c        0x0
                0x000000000800153c                . = ALIGN (0x4)
 *(.ARM.extab* .gnu.linkonce.armextab.*)
                0x000000000800153c                . = ALIGN (0x4)

.ARM            0x000000000800153c        0x0
                0x000000000800153c                . = ALIGN (0x4)
                0x000000000800153c                __exidx_start = .
 *(.ARM.exidx*)
                0x000000000800153c                __exidx_end = .
                0x000000000800153c                . = ALIGN (0x4)

.preinit_array  0x000000000800153c        0x0
                0x000000000800153c                . = ALIGN (0x4)
                0x000000000800153c                PROVIDE (__preinit_array_start = .)
 *(.preinit_array*)
                0x000000000800153c                PROVIDE (__preinit_array_end = .)
                0x000000000800153c                . = ALIGN (0x4)

.init_array     0x000000000800153c        0x4
                0x000000000800153c                . = ALIGN (0x4)
                0x000000000800153c                PROVIDE (__init_array_start = .)
 *(SORT_BY_NAME(.init_array.*))
 *(.init_array*)
 .init_array    0x000000000800153c        0x4 c:/st/stm32cubeide_1.7.0/stm32cubeide/plugins/com.st.stm32cube.ide.mcu.externaltools.gnu-tools-for-stm32.9-2020-q2-update.win32_2.0.0.202105311346/tools/bin/../lib/gcc/arm-none-eabi/9.3.1/thumb/v7e-m+fp/hard/crtbegin.o
                0x0000000008001540                PROVIDE (__init_array_end = .)
                0x0000000008001540                . = ALIGN (0x4)

.fini_array     0x0000000008001540        0x4
                0x0000000008001540                . = ALIGN (0x4)
                [!provide]                        PROVIDE (__fini_array_start = .)
 *(SORT_BY_NAME(.fini_array.*))
 *(.fini_array*)
 .fini_array    0x0000000008001540        0x4 c:/st/stm32cubeide_1.7.0/stm32cubeide/plugins/com.st.stm32cube.ide.mcu.externaltools.gnu-tools-for-stm32.9-2020-q2-update.win32_2.0.0.202105311346/tools/bin/../lib/gcc/arm-none-eabi/9.3.1/thumb/v7e-m+fp/hard/crtbegin.o
                [!provide]                        PROVIDE (__fini_array_end = .)
                0x0000000008001544                . = ALIGN (0x4)
                0x0000000008001544                _sidata = LOADADDR (.data)

.data           0x0000000020000000       0x2c load address 0x0000000008001544
                0x0000000020000000                . = ALIGN (0x4)
                0x0000000020000000                _sdata = .
 *(.data)
 *(.data*)
 .data.accel_full_scale
                0x0000000020000000        0x1 ./Core/Src/icm20948.o
 .data.gyro_full_scale
                0x0000000020000001        0x1 ./Core/Src/icm20948.o
 *fill*         0x0000000020000002        0x2 
 .data.GPIOA_MODER
                0x0000000020000004        0x4 ./Core/Src/spi.o
                0x0000000020000004                GPIOA_MODER
 .data.GPIOA_OTYPER
                0x0000000020000008        0x4 ./Core/Src/spi.o
                0x0000000020000008                GPIOA_OTYPER
 .data.GPIOA_OSPEEDR
                0x000000002000000c        0x4 ./Core/Src/spi.o
                0x000000002000000c                GPIOA_OSPEEDR
 .data.GPIOA_PUPDR
                0x0000000020000010        0x4 ./Core/Src/spi.o
                0x0000000020000010                GPIOA_PUPDR
 .data.GPIOA_BSRR
                0x0000000020000014        0x4 ./Core/Src/spi.o
                0x0000000020000014                GPIOA_BSRR
 .data.GPIOA_AFRL
                0x0000000020000018        0x4 ./Core/Src/spi.o
                0x0000000020000018                GPIOA_AFRL
 .data.SPI1_CR1
                0x000000002000001c        0x4 ./Core/Src/spi.o
                0x000000002000001c                SPI1_CR1
 .data.SPI1_CR2
                0x0000000020000020        0x4 ./Core/Src/spi.o
                0x0000000020000020                SPI1_CR2
 .data.SPI1_SR  0x0000000020000024        0x4 ./Core/Src/spi.o
                0x0000000020000024                SPI1_SR
 .data.SPI1_DR  0x0000000020000028        0x4 ./Core/Src/spi.o
                0x0000000020000028                SPI1_DR
 *(.RamFunc)
 *(.RamFunc*)
                0x000000002000002c                . = ALIGN (0x4)
                0x000000002000002c                _edata = .

.igot.plt       0x000000002000002c        0x0 load address 0x0000000008001570
 .igot.plt      0x000000002000002c        0x0 c:/st/stm32cubeide_1.7.0/stm32cubeide/plugins/com.st.stm32cube.ide.mcu.externaltools.gnu-tools-for-stm32.9-2020-q2-update.win32_2.0.0.202105311346/tools/bin/../lib/gcc/arm-none-eabi/9.3.1/thumb/v7e-m+fp/hard/crtbegin.o
                0x000000002000002c                . = ALIGN (0x4)

.bss            0x000000002000002c       0x70 load address 0x0000000008001570
                0x000000002000002c                _sbss = .
                0x000000002000002c                __bss_start__ = _sbss
 *(.bss)
 .bss           0x000000002000002c       0x1c c:/st/stm32cubeide_1.7.0/stm32cubeide/plugins/com.st.stm32cube.ide.mcu.externaltools.gnu-tools-for-stm32.9-2020-q2-update.win32_2.0.0.202105311346/tools/bin/../lib/gcc/arm-none-eabi/9.3.1/thumb/v7e-m+fp/hard/crtbegin.o
 *(.bss*)
 .bss.tim1_cnt  0x0000000020000048        0x4 ./Core/Src/delay.o
                0x0000000020000048                tim1_cnt
 .bss.gyro_calibration
                0x000000002000004c       0x10 ./Core/Src/icm20948.o
 .bss.accel_x_g
                0x000000002000005c        0x4 ./Core/Src/main.o
                0x000000002000005c                accel_x_g
 .bss.accel_y_g
                0x0000000020000060        0x4 ./Core/Src/main.o
                0x0000000020000060                accel_y_g
 .bss.accel_z_g
                0x0000000020000064        0x4 ./Core/Src/main.o
                0x0000000020000064                accel_z_g
 .bss.gyro_x_dps
                0x0000000020000068        0x4 ./Core/Src/main.o
                0x0000000020000068                gyro_x_dps
 .bss.gyro_y_dps
                0x000000002000006c        0x4 ./Core/Src/main.o
                0x000000002000006c                gyro_y_dps
 .bss.gyro_z_dps
                0x0000000020000070        0x4 ./Core/Src/main.o
                0x0000000020000070                gyro_z_dps
 .bss.temperature_c
                0x0000000020000074        0x4 ./Core/Src/main.o
                0x0000000020000074                temperature_c
 .bss.icm20948_init_ok
                0x0000000020000078        0x1 ./Core/Src/main.o
                0x0000000020000078                icm20948_init_ok
 .bss.icm20948_who_am_i
                0x0000000020000079        0x1 ./Core/Src/main.o
                0x0000000020000079                icm20948_who_am_i
 .bss.gyro_calibration_ok
                0x000000002000007a        0x1 ./Core/Src/main.o
                0x000000002000007a                gyro_calibration_ok
 .bss.gyro_calibrated
                0x000000002000007b        0x1 ./Core/Src/main.o
                0x000000002000007b                gyro_calibrated
 .bss.gyro_offset_x_raw
                0x000000002000007c        0x4 ./Core/Src/main.o
                0x000000002000007c                gyro_offset_x_raw
 .bss.gyro_offset_y_raw
                0x0000000020000080        0x4 ./Core/Src/main.o
                0x0000000020000080                gyro_offset_y_raw
 .bss.gyro_offset_z_raw
                0x0000000020000084        0x4 ./Core/Src/main.o
                0x0000000020000084                gyro_offset_z_raw
 *(COMMON)
 COMMON         0x0000000020000088       0x12 ./Core/Src/icm20948.o
                0x0000000020000088                debug_icm20948_gyro_z
                0x000000002000008a                debug_icm20948_who_am_i
                0x000000002000008c                debug_icm20948_accel_x
                0x000000002000008e                debug_icm20948_accel_z
                0x0000000020000090                debug_icm20948_temp
                0x0000000020000092                debug_icm20948_gyro_calibrated
                0x0000000020000094                debug_icm20948_gyro_x
                0x0000000020000096                debug_icm20948_gyro_y
                0x0000000020000098                debug_icm20948_accel_y
                0x000000002000009c                . = ALIGN (0x4)
 *fill*         0x000000002000009a        0x2 
                0x000000002000009c                _ebss = .
                0x000000002000009c                __bss_end__ = _ebss

._user_heap_stack
                0x000000002000009c      0x604 load address 0x0000000008001570
                0x00000000200000a0                . = ALIGN (0x8)
 *fill*         0x000000002000009c        0x4 
                [!provide]                        PROVIDE (end = .)
                0x00000000200000a0                PROVIDE (_end = .)
                0x00000000200002a0                . = (. + _Min_Heap_Size)
 *fill*         0x00000000200000a0      0x200 
                0x00000000200006a0                . = (. + _Min_Stack_Size)
 *fill*         0x00000000200002a0      0x400 
                0x00000000200006a0                . = ALIGN (0x8)

/DISCARD/
 libc.a(*)
 libm.a(*)
 libgcc.a(*)

.ARM.attributes
                0x0000000000000000       0x30
 *(.ARM.attributes)
 .ARM.attributes
                0x0000000000000000       0x1e c:/st/stm32cubeide_1.7.0/stm32cubeide/plugins/com.st.stm32cube.ide.mcu.externaltools.gnu-tools-for-stm32.9-2020-q2-update.win32_2.0.0.202105311346/tools/bin/../lib/gcc/arm-none-eabi/9.3.1/thumb/v7e-m+fp/hard/crti.o
 .ARM.attributes
                0x000000000000001e       0x34 c:/st/stm32cubeide_1.7.0/stm32cubeide/plugins/com.st.stm32cube.ide.mcu.externaltools.gnu-tools-for-stm32.9-2020-q2-update.win32_2.0.0.202105311346/tools/bin/../lib/gcc/arm-none-eabi/9.3.1/thumb/v7e-m+fp/hard/crtbegin.o
 .ARM.attributes
                0x0000000000000052       0x34 ./Core/Src/clock.o
 .ARM.attributes
                0x0000000000000086       0x34 ./Core/Src/delay.o
 .ARM.attributes
                0x00000000000000ba       0x34 ./Core/Src/icm20948.o
 .ARM.attributes
                0x00000000000000ee       0x34 ./Core/Src/main.o
 .ARM.attributes
                0x0000000000000122       0x34 ./Core/Src/spi.o
 .ARM.attributes
                0x0000000000000156       0x34 ./Core/Src/stm32f4xx_it.o
 .ARM.attributes
                0x000000000000018a       0x34 ./Core/Src/system_stm32f4xx.o
 .ARM.attributes
                0x00000000000001be       0x21 ./Core/Startup/startup_stm32f411ceux.o
 .ARM.attributes
                0x00000000000001df       0x34 c:/st/stm32cubeide_1.7.0/stm32cubeide/plugins/com.st.stm32cube.ide.mcu.externaltools.gnu-tools-for-stm32.9-2020-q2-update.win32_2.0.0.202105311346/tools/bin/../lib/gcc/arm-none-eabi/9.3.1/../../../../arm-none-eabi/lib/thumb/v7e-m+fp/hard\libc_nano.a(lib_a-init.o)
 .ARM.attributes
                0x0000000000000213       0x1e c:/st/stm32cubeide_1.7.0/stm32cubeide/plugins/com.st.stm32cube.ide.mcu.externaltools.gnu-tools-for-stm32.9-2020-q2-update.win32_2.0.0.202105311346/tools/bin/../lib/gcc/arm-none-eabi/9.3.1/thumb/v7e-m+fp/hard\libgcc.a(_arm_addsubsf3.o)
 .ARM.attributes
                0x0000000000000231       0x1e c:/st/stm32cubeide_1.7.0/stm32cubeide/plugins/com.st.stm32cube.ide.mcu.externaltools.gnu-tools-for-stm32.9-2020-q2-update.win32_2.0.0.202105311346/tools/bin/../lib/gcc/arm-none-eabi/9.3.1/thumb/v7e-m+fp/hard/crtn.o
OUTPUT(driver_icm20948.elf elf32-littlearm)
LOAD linker stubs
LOAD c:/st/stm32cubeide_1.7.0/stm32cubeide/plugins/com.st.stm32cube.ide.mcu.externaltools.gnu-tools-for-stm32.9-2020-q2-update.win32_2.0.0.202105311346/tools/bin/../lib/gcc/arm-none-eabi/9.3.1/../../../../arm-none-eabi/lib/thumb/v7e-m+fp/hard\libc.a
LOAD c:/st/stm32cubeide_1.7.0/stm32cubeide/plugins/com.st.stm32cube.ide.mcu.externaltools.gnu-tools-for-stm32.9-2020-q2-update.win32_2.0.0.202105311346/tools/bin/../lib/gcc/arm-none-eabi/9.3.1/../../../../arm-none-eabi/lib/thumb/v7e-m+fp/hard\libm.a
LOAD c:/st/stm32cubeide_1.7.0/stm32cubeide/plugins/com.st.stm32cube.ide.mcu.externaltools.gnu-tools-for-stm32.9-2020-q2-update.win32_2.0.0.202105311346/tools/bin/../lib/gcc/arm-none-eabi/9.3.1/thumb/v7e-m+fp/hard\libgcc.a

.debug_info     0x0000000000000000     0x1b6e
 .debug_info    0x0000000000000000      0x2e9 ./Core/Src/clock.o
 .debug_info    0x00000000000002e9      0x1d6 ./Core/Src/delay.o
 .debug_info    0x00000000000004bf      0x7db ./Core/Src/icm20948.o
 .debug_info    0x0000000000000c9a      0x2cb ./Core/Src/main.o
 .debug_info    0x0000000000000f65      0x5a9 ./Core/Src/spi.o
 .debug_info    0x000000000000150e       0xcc ./Core/Src/stm32f4xx_it.o
 .debug_info    0x00000000000015da      0x572 ./Core/Src/system_stm32f4xx.o
 .debug_info    0x0000000000001b4c       0x22 ./Core/Startup/startup_stm32f411ceux.o

.debug_abbrev   0x0000000000000000      0x7b2
 .debug_abbrev  0x0000000000000000       0xb9 ./Core/Src/clock.o
 .debug_abbrev  0x00000000000000b9       0xef ./Core/Src/delay.o
 .debug_abbrev  0x00000000000001a8      0x201 ./Core/Src/icm20948.o
 .debug_abbrev  0x00000000000003a9       0xdb ./Core/Src/main.o
 .debug_abbrev  0x0000000000000484      0x1c2 ./Core/Src/spi.o
 .debug_abbrev  0x0000000000000646       0x31 ./Core/Src/stm32f4xx_it.o
 .debug_abbrev  0x0000000000000677      0x129 ./Core/Src/system_stm32f4xx.o
 .debug_abbrev  0x00000000000007a0       0x12 ./Core/Startup/startup_stm32f411ceux.o

.debug_aranges  0x0000000000000000      0x260
 .debug_aranges
                0x0000000000000000       0x40 ./Core/Src/clock.o
 .debug_aranges
                0x0000000000000040       0x30 ./Core/Src/delay.o
 .debug_aranges
                0x0000000000000070       0xa8 ./Core/Src/icm20948.o
 .debug_aranges
                0x0000000000000118       0x20 ./Core/Src/main.o
 .debug_aranges
                0x0000000000000138       0x78 ./Core/Src/spi.o
 .debug_aranges
                0x00000000000001b0       0x60 ./Core/Src/stm32f4xx_it.o
 .debug_aranges
                0x0000000000000210       0x28 ./Core/Src/system_stm32f4xx.o
 .debug_aranges
                0x0000000000000238       0x28 ./Core/Startup/startup_stm32f411ceux.o

.debug_ranges   0x0000000000000000      0x1e8
 .debug_ranges  0x0000000000000000       0x30 ./Core/Src/clock.o
 .debug_ranges  0x0000000000000030       0x20 ./Core/Src/delay.o
 .debug_ranges  0x0000000000000050       0x98 ./Core/Src/icm20948.o
 .debug_ranges  0x00000000000000e8       0x10 ./Core/Src/main.o
 .debug_ranges  0x00000000000000f8       0x68 ./Core/Src/spi.o
 .debug_ranges  0x0000000000000160       0x50 ./Core/Src/stm32f4xx_it.o
 .debug_ranges  0x00000000000001b0       0x18 ./Core/Src/system_stm32f4xx.o
 .debug_ranges  0x00000000000001c8       0x20 ./Core/Startup/startup_stm32f411ceux.o

.debug_macro    0x0000000000000000     0xe072
 .debug_macro   0x0000000000000000       0x78 ./Core/Src/clock.o
 .debug_macro   0x0000000000000078      0xaa2 ./Core/Src/clock.o
 .debug_macro   0x0000000000000b1a       0x16 ./Core/Src/clock.o
 .debug_macro   0x0000000000000b30       0x22 ./Core/Src/clock.o
 .debug_macro   0x0000000000000b52       0x8e ./Core/Src/clock.o
 .debug_macro   0x0000000000000be0       0x51 ./Core/Src/clock.o
 .debug_macro   0x0000000000000c31      0x103 ./Core/Src/clock.o
 .debug_macro   0x0000000000000d34       0x6a ./Core/Src/clock.o
 .debug_macro   0x0000000000000d9e      0x1df ./Core/Src/clock.o
 .debug_macro   0x0000000000000f7d       0x8a ./Core/Src/delay.o
 .debug_macro   0x0000000000001007       0xbc ./Core/Src/icm20948.o
 .debug_macro   0x00000000000010c3       0x58 ./Core/Src/icm20948.o
 .debug_macro   0x000000000000111b       0x7f ./Core/Src/main.o
 .debug_macro   0x000000000000119a       0x5e ./Core/Src/main.o
 .debug_macro   0x00000000000011f8      0x106 ./Core/Src/spi.o
 .debug_macro   0x00000000000012fe       0x1b ./Core/Src/stm32f4xx_it.o
 .debug_macro   0x0000000000001319       0xda ./Core/Src/system_stm32f4xx.o
 .debug_macro   0x00000000000013f3       0x2e ./Core/Src/system_stm32f4xx.o
 .debug_macro   0x0000000000001421       0x28 ./Core/Src/system_stm32f4xx.o
 .debug_macro   0x0000000000001449       0x1c ./Core/Src/system_stm32f4xx.o
 .debug_macro   0x0000000000001465       0x22 ./Core/Src/system_stm32f4xx.o
 .debug_macro   0x0000000000001487       0xdf ./Core/Src/system_stm32f4xx.o
 .debug_macro   0x0000000000001566     0x102d ./Core/Src/system_stm32f4xx.o
 .debug_macro   0x0000000000002593      0x11f ./Core/Src/system_stm32f4xx.o
 .debug_macro   0x00000000000026b2     0xb953 ./Core/Src/system_stm32f4xx.o
 .debug_macro   0x000000000000e005       0x6d ./Core/Src/system_stm32f4xx.o

.debug_line     0x0000000000000000     0x2257
 .debug_line    0x0000000000000000      0x49d ./Core/Src/clock.o
 .debug_line    0x000000000000049d      0x3fc ./Core/Src/delay.o
 .debug_line    0x0000000000000899      0x8b7 ./Core/Src/icm20948.o
 .debug_line    0x0000000000001150      0x428 ./Core/Src/main.o
 .debug_line    0x0000000000001578      0x64e ./Core/Src/spi.o
 .debug_line    0x0000000000001bc6      0x117 ./Core/Src/stm32f4xx_it.o
 .debug_line    0x0000000000001cdd      0x4f2 ./Core/Src/system_stm32f4xx.o
 .debug_line    0x00000000000021cf       0x88 ./Core/Startup/startup_stm32f411ceux.o

.debug_str      0x0000000000000000    0x50d3c
 .debug_str     0x0000000000000000     0x3f01 ./Core/Src/clock.o
                                       0x4070 (size before relaxing)
 .debug_str     0x0000000000003f01       0xec ./Core/Src/delay.o
                                       0x3ec4 (size before relaxing)
 .debug_str     0x0000000000003fed      0x880 ./Core/Src/icm20948.o
                                       0x45d9 (size before relaxing)
 .debug_str     0x000000000000486d       0x73 ./Core/Src/main.o
                                       0x4083 (size before relaxing)
 .debug_str     0x00000000000048e0      0x384 ./Core/Src/spi.o
                                       0x425a (size before relaxing)
 .debug_str     0x0000000000004c64       0xbd ./Core/Src/stm32f4xx_it.o
                                       0x2e54 (size before relaxing)
 .debug_str     0x0000000000004d21    0x4bfe5 ./Core/Src/system_stm32f4xx.o
                                      0x4fcef (size before relaxing)
 .debug_str     0x0000000000050d06       0x36 ./Core/Startup/startup_stm32f411ceux.o
                                         0x78 (size before relaxing)

.comment        0x0000000000000000       0x53
 .comment       0x0000000000000000       0x53 ./Core/Src/clock.o
                                         0x54 (size before relaxing)
 .comment       0x0000000000000053       0x54 ./Core/Src/delay.o
 .comment       0x0000000000000053       0x54 ./Core/Src/icm20948.o
 .comment       0x0000000000000053       0x54 ./Core/Src/main.o
 .comment       0x0000000000000053       0x54 ./Core/Src/spi.o
 .comment       0x0000000000000053       0x54 ./Core/Src/stm32f4xx_it.o
 .comment       0x0000000000000053       0x54 ./Core/Src/system_stm32f4xx.o

.debug_frame    0x0000000000000000      0x7b4
 .debug_frame   0x0000000000000000       0xd8 ./Core/Src/clock.o
 .debug_frame   0x00000000000000d8       0x84 ./Core/Src/delay.o
 .debug_frame   0x000000000000015c      0x294 ./Core/Src/icm20948.o
 .debug_frame   0x00000000000003f0       0x30 ./Core/Src/main.o
 .debug_frame   0x0000000000000420      0x1bc ./Core/Src/spi.o
 .debug_frame   0x00000000000005dc      0x108 ./Core/Src/stm32f4xx_it.o
 .debug_frame   0x00000000000006e4       0x58 ./Core/Src/system_stm32f4xx.o
 .debug_frame   0x000000000000073c       0x2c c:/st/stm32cubeide_1.7.0/stm32cubeide/plugins/com.st.stm32cube.ide.mcu.externaltools.gnu-tools-for-stm32.9-2020-q2-update.win32_2.0.0.202105311346/tools/bin/../lib/gcc/arm-none-eabi/9.3.1/../../../../arm-none-eabi/lib/thumb/v7e-m+fp/hard\libc_nano.a(lib_a-init.o)
 .debug_frame   0x0000000000000768       0x4c c:/st/stm32cubeide_1.7.0/stm32cubeide/plugins/com.st.stm32cube.ide.mcu.externaltools.gnu-tools-for-stm32.9-2020-q2-update.win32_2.0.0.202105311346/tools/bin/../lib/gcc/arm-none-eabi/9.3.1/thumb/v7e-m+fp/hard\libgcc.a(_arm_addsubsf3.o)
