icm20948.c:31:31:ICM20948_ConvertSPIStatus	16	static
icm20948.c:46:31:ICM20948_WriteReg	16	static
icm20948.c:51:31:ICM20948_ReadReg	16	static
icm20948.c:61:31:ICM20948_ReadRegs	16	static
icm20948.c:71:31:ICM20948_SelectBank	16	static
icm20948.c:76:31:ICM20948_CheckID	16	static
icm20948.c:88:31:ICM20948_Reset	8	static
icm20948.c:104:14:ICM20948_GetAccelSensitivity	4	static
icm20948.c:116:14:ICM20948_GetGyroSensitivity	4	static
icm20948.c:128:24:ICM20948_Init	8	static
icm20948.c:147:24:ICM20948_ReadWhoAmI	16	static
icm20948.c:168:24:ICM20948_SetAccelConfig	24	static
icm20948.c:188:24:ICM20948_SetGyroConfig	24	static
icm20948.c:207:24:ICM20948_ReadRawData	32	static
icm20948.c:238:24:ICM20948_CalibrateGyro	80	static
icm20948.c:276:6:ICM20948_GetGyroCalibration	16	static
icm20948.c:284:24:ICM20948_ConvertRawToSensorData	24	static
icm20948.c:308:24:ICM20948_ReadSensorData	32	static
